[2021-08-27T15:34:21.721+0000][gc,heap] Heap region size: 1M
[2021-08-27T15:34:21.729+0000][gc     ] Using G1
[2021-08-27T15:34:21.729+0000][gc,heap,coops] Heap address: 0x00000007c0000000, size: 1024 MB, Compressed Oops mode: Zero based, Oop shift amount: 3
[2021-08-27T15:34:22.376+0000][gc,start     ] GC(0) Pause Young (Concurrent Start) (Metadata GC Threshold)
[2021-08-27T15:34:22.377+0000][gc,task      ] GC(0) Using 13 workers of 13 for evacuation
[2021-08-27T15:34:22.383+0000][gc,phases    ] GC(0)   Pre Evacuate Collection Set: 0.0ms
[2021-08-27T15:34:22.383+0000][gc,phases    ] GC(0)   Evacuate Collection Set: 5.8ms
[2021-08-27T15:34:22.383+0000][gc,phases    ] GC(0)   Post Evacuate Collection Set: 0.4ms
[2021-08-27T15:34:22.383+0000][gc,phases    ] GC(0)   Other: 0.8ms
[2021-08-27T15:34:22.383+0000][gc,heap      ] GC(0) Eden regions: 42->0(44)
[2021-08-27T15:34:22.383+0000][gc,heap      ] GC(0) Survivor regions: 0->7(7)
[2021-08-27T15:34:22.383+0000][gc,heap      ] GC(0) Old regions: 0->1
[2021-08-27T15:34:22.383+0000][gc,heap      ] GC(0) Humongous regions: 0->0
[2021-08-27T15:34:22.383+0000][gc,metaspace ] GC(0) Metaspace: 20753K->20753K(1069056K)
[2021-08-27T15:34:22.384+0000][gc           ] GC(0) Pause Young (Concurrent Start) (Metadata GC Threshold) 41M->7M(1024M) 7.112ms
[2021-08-27T15:34:22.384+0000][gc,cpu       ] GC(0) User=0.02s Sys=0.00s Real=0.01s
[2021-08-27T15:34:22.384+0000][gc           ] GC(1) Concurrent Cycle
[2021-08-27T15:34:22.384+0000][gc,marking   ] GC(1) Concurrent Clear Claimed Marks
[2021-08-27T15:34:22.384+0000][gc,marking   ] GC(1) Concurrent Clear Claimed Marks 0.014ms
[2021-08-27T15:34:22.384+0000][gc,marking   ] GC(1) Concurrent Scan Root Regions
[2021-08-27T15:34:22.385+0000][gc,marking   ] GC(1) Concurrent Scan Root Regions 1.338ms
[2021-08-27T15:34:22.385+0000][gc,marking   ] GC(1) Concurrent Mark (0.672s)
[2021-08-27T15:34:22.385+0000][gc,marking   ] GC(1) Concurrent Mark From Roots
[2021-08-27T15:34:22.385+0000][gc,task      ] GC(1) Using 3 workers of 3 for marking
[2021-08-27T15:34:22.385+0000][gc,marking   ] GC(1) Concurrent Mark From Roots 0.203ms
[2021-08-27T15:34:22.385+0000][gc,marking   ] GC(1) Concurrent Preclean
[2021-08-27T15:34:22.385+0000][gc,marking   ] GC(1) Concurrent Preclean 0.035ms
[2021-08-27T15:34:22.385+0000][gc,marking   ] GC(1) Concurrent Mark (0.672s, 0.672s) 0.287ms
[2021-08-27T15:34:22.385+0000][gc,start     ] GC(1) Pause Remark
[2021-08-27T15:34:22.386+0000][gc,stringtable] GC(1) Cleaned string and symbol table, strings: 7406 processed, 0 removed, symbols: 63466 processed, 31 removed
[2021-08-27T15:34:22.387+0000][gc            ] GC(1) Pause Remark 7M->7M(1024M) 1.225ms
[2021-08-27T15:34:22.387+0000][gc,cpu        ] GC(1) User=0.01s Sys=0.00s Real=0.00s
[2021-08-27T15:34:22.387+0000][gc,marking    ] GC(1) Concurrent Rebuild Remembered Sets
[2021-08-27T15:34:22.387+0000][gc,marking    ] GC(1) Concurrent Rebuild Remembered Sets 0.057ms
[2021-08-27T15:34:22.387+0000][gc,start      ] GC(1) Pause Cleanup
[2021-08-27T15:34:22.387+0000][gc            ] GC(1) Pause Cleanup 7M->7M(1024M) 0.148ms
[2021-08-27T15:34:22.387+0000][gc,cpu        ] GC(1) User=0.00s Sys=0.00s Real=0.00s
[2021-08-27T15:34:22.387+0000][gc,marking    ] GC(1) Concurrent Cleanup for Next Mark
[2021-08-27T15:34:22.391+0000][gc,marking    ] GC(1) Concurrent Cleanup for Next Mark 3.906ms
[2021-08-27T15:34:22.391+0000][gc            ] GC(1) Concurrent Cycle 7.377ms
[2021-08-27T15:34:23.463+0000][gc,start      ] GC(2) Pause Young (Normal) (G1 Evacuation Pause)
[2021-08-27T15:34:23.463+0000][gc,task       ] GC(2) Using 13 workers of 13 for evacuation
[2021-08-27T15:34:23.469+0000][gc,phases     ] GC(2)   Pre Evacuate Collection Set: 0.0ms
[2021-08-27T15:34:23.469+0000][gc,phases     ] GC(2)   Evacuate Collection Set: 5.1ms
[2021-08-27T15:34:23.469+0000][gc,phases     ] GC(2)   Post Evacuate Collection Set: 0.5ms
[2021-08-27T15:34:23.469+0000][gc,phases     ] GC(2)   Other: 0.3ms
[2021-08-27T15:34:23.469+0000][gc,heap       ] GC(2) Eden regions: 44->0(48)
[2021-08-27T15:34:23.469+0000][gc,heap       ] GC(2) Survivor regions: 7->3(7)
[2021-08-27T15:34:23.469+0000][gc,heap       ] GC(2) Old regions: 1->7
[2021-08-27T15:34:23.469+0000][gc,heap       ] GC(2) Humongous regions: 129->129
[2021-08-27T15:34:23.469+0000][gc,metaspace  ] GC(2) Metaspace: 30657K->30657K(1077248K)
[2021-08-27T15:34:23.469+0000][gc            ] GC(2) Pause Young (Normal) (G1 Evacuation Pause) 180M->137M(1024M) 6.068ms
[2021-08-27T15:34:23.469+0000][gc,cpu        ] GC(2) User=0.05s Sys=0.02s Real=0.00s
[2021-08-27T15:34:23.714+0000][gc,start      ] GC(3) Pause Young (Concurrent Start) (Metadata GC Threshold)
[2021-08-27T15:34:23.714+0000][gc,task       ] GC(3) Using 13 workers of 13 for evacuation
[2021-08-27T15:34:23.716+0000][gc,phases     ] GC(3)   Pre Evacuate Collection Set: 0.1ms
[2021-08-27T15:34:23.716+0000][gc,phases     ] GC(3)   Evacuate Collection Set: 1.8ms
[2021-08-27T15:34:23.716+0000][gc,phases     ] GC(3)   Post Evacuate Collection Set: 0.2ms
[2021-08-27T15:34:23.717+0000][gc,phases     ] GC(3)   Other: 0.1ms
[2021-08-27T15:34:23.717+0000][gc,heap       ] GC(3) Eden regions: 23->0(47)
[2021-08-27T15:34:23.717+0000][gc,heap       ] GC(3) Survivor regions: 3->4(7)
[2021-08-27T15:34:23.717+0000][gc,heap       ] GC(3) Old regions: 7->7
[2021-08-27T15:34:23.717+0000][gc,heap       ] GC(3) Humongous regions: 129->129
[2021-08-27T15:34:23.717+0000][gc,metaspace  ] GC(3) Metaspace: 34697K->34697K(1081344K)
[2021-08-27T15:34:23.717+0000][gc            ] GC(3) Pause Young (Concurrent Start) (Metadata GC Threshold) 160M->139M(1024M) 2.237ms
[2021-08-27T15:34:23.717+0000][gc,cpu        ] GC(3) User=0.02s Sys=0.00s Real=0.00s
[2021-08-27T15:34:23.717+0000][gc            ] GC(4) Concurrent Cycle
[2021-08-27T15:34:23.717+0000][gc,marking    ] GC(4) Concurrent Clear Claimed Marks
[2021-08-27T15:34:23.717+0000][gc,marking    ] GC(4) Concurrent Clear Claimed Marks 0.019ms
[2021-08-27T15:34:23.717+0000][gc,marking    ] GC(4) Concurrent Scan Root Regions
[2021-08-27T15:34:23.718+0000][gc,marking    ] GC(4) Concurrent Scan Root Regions 1.136ms
[2021-08-27T15:34:23.718+0000][gc,marking    ] GC(4) Concurrent Mark (2.005s)
[2021-08-27T15:34:23.718+0000][gc,marking    ] GC(4) Concurrent Mark From Roots
[2021-08-27T15:34:23.718+0000][gc,task       ] GC(4) Using 3 workers of 3 for marking
[2021-08-27T15:34:23.721+0000][gc,marking    ] GC(4) Concurrent Mark From Roots 3.390ms
[2021-08-27T15:34:23.721+0000][gc,marking    ] GC(4) Concurrent Preclean
[2021-08-27T15:34:23.721+0000][gc,marking    ] GC(4) Concurrent Preclean 0.070ms
[2021-08-27T15:34:23.721+0000][gc,marking    ] GC(4) Concurrent Mark (2.005s, 2.008s) 3.525ms
[2021-08-27T15:34:23.721+0000][gc,start      ] GC(4) Pause Remark
[2021-08-27T15:34:23.723+0000][gc,stringtable] GC(4) Cleaned string and symbol table, strings: 11636 processed, 8 removed, symbols: 93584 processed, 28 removed
[2021-08-27T15:34:23.724+0000][gc            ] GC(4) Pause Remark 140M->140M(1024M) 2.264ms
[2021-08-27T15:34:23.724+0000][gc,cpu        ] GC(4) User=0.02s Sys=0.00s Real=0.00s
[2021-08-27T15:34:23.724+0000][gc,marking    ] GC(4) Concurrent Rebuild Remembered Sets
[2021-08-27T15:34:23.726+0000][gc,marking    ] GC(4) Concurrent Rebuild Remembered Sets 1.844ms
[2021-08-27T15:34:23.726+0000][gc,start      ] GC(4) Pause Cleanup
[2021-08-27T15:34:23.726+0000][gc            ] GC(4) Pause Cleanup 140M->140M(1024M) 0.138ms
[2021-08-27T15:34:23.726+0000][gc,cpu        ] GC(4) User=0.00s Sys=0.00s Real=0.00s
[2021-08-27T15:34:23.726+0000][gc,marking    ] GC(4) Concurrent Cleanup for Next Mark
[2021-08-27T15:34:23.730+0000][gc,marking    ] GC(4) Concurrent Cleanup for Next Mark 4.298ms
[2021-08-27T15:34:23.730+0000][gc            ] GC(4) Concurrent Cycle 13.741ms
[2021-08-27T15:34:27.322+0000][gc,heap,exit  ] Heap
[2021-08-27T15:34:27.322+0000][gc,heap,exit  ]  garbage-first heap   total 1048576K, used 149013K [0x00000007c0000000, 0x0000000800000000)
[2021-08-27T15:34:27.322+0000][gc,heap,exit  ]   region size 1024K, 11 young (11264K), 4 survivors (4096K)
[2021-08-27T15:34:27.322+0000][gc,heap,exit  ]  Metaspace       used 35367K, capacity 36371K, committed 36604K, reserved 1081344K
[2021-08-27T15:34:27.322+0000][gc,heap,exit  ]   class space    used 4008K, capacity 4424K, committed 4428K, reserved 1048576K
