[2021-08-27T15:36:58.677+0000][gc,heap] Heap region size: 1M
[2021-08-27T15:36:58.685+0000][gc     ] Using G1
[2021-08-27T15:36:58.685+0000][gc,heap,coops] Heap address: 0x00000007c0000000, size: 1024 MB, Compressed Oops mode: Zero based, Oop shift amount: 3
[2021-08-27T15:36:59.366+0000][gc,start     ] GC(0) Pause Young (Concurrent Start) (Metadata GC Threshold)
[2021-08-27T15:36:59.367+0000][gc,task      ] GC(0) Using 13 workers of 13 for evacuation
[2021-08-27T15:36:59.374+0000][gc,phases    ] GC(0)   Pre Evacuate Collection Set: 0.0ms
[2021-08-27T15:36:59.374+0000][gc,phases    ] GC(0)   Evacuate Collection Set: 5.9ms
[2021-08-27T15:36:59.374+0000][gc,phases    ] GC(0)   Post Evacuate Collection Set: 0.4ms
[2021-08-27T15:36:59.374+0000][gc,phases    ] GC(0)   Other: 0.9ms
[2021-08-27T15:36:59.374+0000][gc,heap      ] GC(0) Eden regions: 43->0(44)
[2021-08-27T15:36:59.374+0000][gc,heap      ] GC(0) Survivor regions: 0->7(7)
[2021-08-27T15:36:59.374+0000][gc,heap      ] GC(0) Old regions: 0->0
[2021-08-27T15:36:59.374+0000][gc,heap      ] GC(0) Humongous regions: 0->0
[2021-08-27T15:36:59.374+0000][gc,metaspace ] GC(0) Metaspace: 20755K->20755K(1069056K)
[2021-08-27T15:36:59.374+0000][gc           ] GC(0) Pause Young (Concurrent Start) (Metadata GC Threshold) 43M->6M(1024M) 7.348ms
[2021-08-27T15:36:59.374+0000][gc,cpu       ] GC(0) User=0.03s Sys=0.01s Real=0.01s
[2021-08-27T15:36:59.374+0000][gc           ] GC(1) Concurrent Cycle
[2021-08-27T15:36:59.374+0000][gc,marking   ] GC(1) Concurrent Clear Claimed Marks
[2021-08-27T15:36:59.374+0000][gc,marking   ] GC(1) Concurrent Clear Claimed Marks 0.013ms
[2021-08-27T15:36:59.374+0000][gc,marking   ] GC(1) Concurrent Scan Root Regions
[2021-08-27T15:36:59.375+0000][gc,marking   ] GC(1) Concurrent Scan Root Regions 1.493ms
[2021-08-27T15:36:59.375+0000][gc,marking   ] GC(1) Concurrent Mark (0.705s)
[2021-08-27T15:36:59.375+0000][gc,marking   ] GC(1) Concurrent Mark From Roots
[2021-08-27T15:36:59.375+0000][gc,task      ] GC(1) Using 3 workers of 3 for marking
[2021-08-27T15:36:59.376+0000][gc,marking   ] GC(1) Concurrent Mark From Roots 0.185ms
[2021-08-27T15:36:59.376+0000][gc,marking   ] GC(1) Concurrent Preclean
[2021-08-27T15:36:59.376+0000][gc,marking   ] GC(1) Concurrent Preclean 0.030ms
[2021-08-27T15:36:59.376+0000][gc,marking   ] GC(1) Concurrent Mark (0.705s, 0.705s) 0.258ms
[2021-08-27T15:36:59.376+0000][gc,start     ] GC(1) Pause Remark
[2021-08-27T15:36:59.377+0000][gc,stringtable] GC(1) Cleaned string and symbol table, strings: 7405 processed, 0 removed, symbols: 63466 processed, 31 removed
[2021-08-27T15:36:59.377+0000][gc            ] GC(1) Pause Remark 7M->7M(1024M) 1.229ms
[2021-08-27T15:36:59.377+0000][gc,cpu        ] GC(1) User=0.01s Sys=0.00s Real=0.00s
[2021-08-27T15:36:59.377+0000][gc,marking    ] GC(1) Concurrent Rebuild Remembered Sets
[2021-08-27T15:36:59.377+0000][gc,marking    ] GC(1) Concurrent Rebuild Remembered Sets 0.055ms
[2021-08-27T15:36:59.377+0000][gc,start      ] GC(1) Pause Cleanup
[2021-08-27T15:36:59.377+0000][gc            ] GC(1) Pause Cleanup 7M->7M(1024M) 0.172ms
[2021-08-27T15:36:59.378+0000][gc,cpu        ] GC(1) User=0.00s Sys=0.00s Real=0.00s
[2021-08-27T15:36:59.378+0000][gc,marking    ] GC(1) Concurrent Cleanup for Next Mark
[2021-08-27T15:36:59.381+0000][gc,marking    ] GC(1) Concurrent Cleanup for Next Mark 3.802ms
[2021-08-27T15:36:59.381+0000][gc            ] GC(1) Concurrent Cycle 7.620ms
[2021-08-27T15:37:00.468+0000][gc,start      ] GC(2) Pause Young (Normal) (G1 Evacuation Pause)
[2021-08-27T15:37:00.468+0000][gc,task       ] GC(2) Using 13 workers of 13 for evacuation
[2021-08-27T15:37:00.474+0000][gc,phases     ] GC(2)   Pre Evacuate Collection Set: 0.0ms
[2021-08-27T15:37:00.474+0000][gc,phases     ] GC(2)   Evacuate Collection Set: 4.9ms
[2021-08-27T15:37:00.474+0000][gc,phases     ] GC(2)   Post Evacuate Collection Set: 0.4ms
[2021-08-27T15:37:00.474+0000][gc,phases     ] GC(2)   Other: 0.2ms
[2021-08-27T15:37:00.474+0000][gc,heap       ] GC(2) Eden regions: 44->0(48)
[2021-08-27T15:37:00.474+0000][gc,heap       ] GC(2) Survivor regions: 7->3(7)
[2021-08-27T15:37:00.474+0000][gc,heap       ] GC(2) Old regions: 0->7
[2021-08-27T15:37:00.474+0000][gc,heap       ] GC(2) Humongous regions: 129->129
[2021-08-27T15:37:00.474+0000][gc,metaspace  ] GC(2) Metaspace: 30692K->30692K(1077248K)
[2021-08-27T15:37:00.474+0000][gc            ] GC(2) Pause Young (Normal) (G1 Evacuation Pause) 179M->138M(1024M) 5.693ms
[2021-08-27T15:37:00.474+0000][gc,cpu        ] GC(2) User=0.04s Sys=0.01s Real=0.01s
[2021-08-27T15:37:00.697+0000][gc,start      ] GC(3) Pause Young (Concurrent Start) (Metadata GC Threshold)
[2021-08-27T15:37:00.697+0000][gc,task       ] GC(3) Using 13 workers of 13 for evacuation
[2021-08-27T15:37:00.699+0000][gc,phases     ] GC(3)   Pre Evacuate Collection Set: 0.1ms
[2021-08-27T15:37:00.699+0000][gc,phases     ] GC(3)   Evacuate Collection Set: 1.7ms
[2021-08-27T15:37:00.699+0000][gc,phases     ] GC(3)   Post Evacuate Collection Set: 0.3ms
[2021-08-27T15:37:00.699+0000][gc,phases     ] GC(3)   Other: 0.2ms
[2021-08-27T15:37:00.699+0000][gc,heap       ] GC(3) Eden regions: 23->0(47)
[2021-08-27T15:37:00.699+0000][gc,heap       ] GC(3) Survivor regions: 3->4(7)
[2021-08-27T15:37:00.699+0000][gc,heap       ] GC(3) Old regions: 7->7
[2021-08-27T15:37:00.699+0000][gc,heap       ] GC(3) Humongous regions: 129->129
[2021-08-27T15:37:00.699+0000][gc,metaspace  ] GC(3) Metaspace: 34687K->34687K(1081344K)
[2021-08-27T15:37:00.699+0000][gc            ] GC(3) Pause Young (Concurrent Start) (Metadata GC Threshold) 160M->139M(1024M) 2.318ms
[2021-08-27T15:37:00.699+0000][gc,cpu        ] GC(3) User=0.02s Sys=0.00s Real=0.00s
[2021-08-27T15:37:00.699+0000][gc            ] GC(4) Concurrent Cycle
[2021-08-27T15:37:00.699+0000][gc,marking    ] GC(4) Concurrent Clear Claimed Marks
[2021-08-27T15:37:00.699+0000][gc,marking    ] GC(4) Concurrent Clear Claimed Marks 0.020ms
[2021-08-27T15:37:00.699+0000][gc,marking    ] GC(4) Concurrent Scan Root Regions
[2021-08-27T15:37:00.701+0000][gc,marking    ] GC(4) Concurrent Scan Root Regions 1.198ms
[2021-08-27T15:37:00.701+0000][gc,marking    ] GC(4) Concurrent Mark (2.030s)
[2021-08-27T15:37:00.701+0000][gc,marking    ] GC(4) Concurrent Mark From Roots
[2021-08-27T15:37:00.701+0000][gc,task       ] GC(4) Using 3 workers of 3 for marking
[2021-08-27T15:37:00.704+0000][gc,marking    ] GC(4) Concurrent Mark From Roots 3.137ms
[2021-08-27T15:37:00.704+0000][gc,marking    ] GC(4) Concurrent Preclean
[2021-08-27T15:37:00.704+0000][gc,marking    ] GC(4) Concurrent Preclean 0.047ms
[2021-08-27T15:37:00.704+0000][gc,marking    ] GC(4) Concurrent Mark (2.030s, 2.034s) 3.247ms
[2021-08-27T15:37:00.705+0000][gc,start      ] GC(4) Pause Remark
[2021-08-27T15:37:00.706+0000][gc,stringtable] GC(4) Cleaned string and symbol table, strings: 11607 processed, 9 removed, symbols: 93840 processed, 29 removed
[2021-08-27T15:37:00.706+0000][gc            ] GC(4) Pause Remark 140M->140M(1024M) 1.476ms
[2021-08-27T15:37:00.706+0000][gc,cpu        ] GC(4) User=0.01s Sys=0.01s Real=0.00s
[2021-08-27T15:37:00.706+0000][gc,marking    ] GC(4) Concurrent Rebuild Remembered Sets
[2021-08-27T15:37:00.708+0000][gc,marking    ] GC(4) Concurrent Rebuild Remembered Sets 1.904ms
[2021-08-27T15:37:00.708+0000][gc,start      ] GC(4) Pause Cleanup
[2021-08-27T15:37:00.709+0000][gc            ] GC(4) Pause Cleanup 140M->140M(1024M) 0.174ms
[2021-08-27T15:37:00.709+0000][gc,cpu        ] GC(4) User=0.00s Sys=0.00s Real=0.00s
[2021-08-27T15:37:00.709+0000][gc,marking    ] GC(4) Concurrent Cleanup for Next Mark
[2021-08-27T15:37:00.713+0000][gc,marking    ] GC(4) Concurrent Cleanup for Next Mark 3.853ms
[2021-08-27T15:37:00.713+0000][gc            ] GC(4) Concurrent Cycle 13.235ms
[2021-08-27T15:39:00.445+0000][gc,heap,exit  ] Heap
[2021-08-27T15:39:00.445+0000][gc,heap,exit  ]  garbage-first heap   total 1048576K, used 186993K [0x00000007c0000000, 0x0000000800000000)
[2021-08-27T15:39:00.445+0000][gc,heap,exit  ]   region size 1024K, 49 young (50176K), 4 survivors (4096K)
[2021-08-27T15:39:00.445+0000][gc,heap,exit  ]  Metaspace       used 43739K, capacity 45234K, committed 45436K, reserved 1089536K
[2021-08-27T15:39:00.445+0000][gc,heap,exit  ]   class space    used 5068K, capacity 5770K, committed 5836K, reserved 1048576K
