[2021-08-27T15:38:59.209+0000][gc,heap] Heap region size: 1M
[2021-08-27T15:38:59.218+0000][gc     ] Using G1
[2021-08-27T15:38:59.220+0000][gc,heap,coops] Heap address: 0x00000007c0000000, size: 1024 MB, Compressed Oops mode: Zero based, Oop shift amount: 3
[2021-08-27T15:38:59.855+0000][gc,start     ] GC(0) Pause Young (Concurrent Start) (Metadata GC Threshold)
[2021-08-27T15:38:59.856+0000][gc,task      ] GC(0) Using 13 workers of 13 for evacuation
[2021-08-27T15:38:59.862+0000][gc,phases    ] GC(0)   Pre Evacuate Collection Set: 0.0ms
[2021-08-27T15:38:59.862+0000][gc,phases    ] GC(0)   Evacuate Collection Set: 5.6ms
[2021-08-27T15:38:59.862+0000][gc,phases    ] GC(0)   Post Evacuate Collection Set: 0.4ms
[2021-08-27T15:38:59.862+0000][gc,phases    ] GC(0)   Other: 0.7ms
[2021-08-27T15:38:59.862+0000][gc,heap      ] GC(0) Eden regions: 42->0(44)
[2021-08-27T15:38:59.862+0000][gc,heap      ] GC(0) Survivor regions: 0->7(7)
[2021-08-27T15:38:59.862+0000][gc,heap      ] GC(0) Old regions: 0->0
[2021-08-27T15:38:59.862+0000][gc,heap      ] GC(0) Humongous regions: 0->0
[2021-08-27T15:38:59.862+0000][gc,metaspace ] GC(0) Metaspace: 20758K->20758K(1069056K)
[2021-08-27T15:38:59.862+0000][gc           ] GC(0) Pause Young (Concurrent Start) (Metadata GC Threshold) 42M->6M(1024M) 6.910ms
[2021-08-27T15:38:59.862+0000][gc,cpu       ] GC(0) User=0.01s Sys=0.01s Real=0.01s
[2021-08-27T15:38:59.862+0000][gc           ] GC(1) Concurrent Cycle
[2021-08-27T15:38:59.862+0000][gc,marking   ] GC(1) Concurrent Clear Claimed Marks
[2021-08-27T15:38:59.862+0000][gc,marking   ] GC(1) Concurrent Clear Claimed Marks 0.012ms
[2021-08-27T15:38:59.862+0000][gc,marking   ] GC(1) Concurrent Scan Root Regions
[2021-08-27T15:38:59.864+0000][gc,marking   ] GC(1) Concurrent Scan Root Regions 1.388ms
[2021-08-27T15:38:59.864+0000][gc,marking   ] GC(1) Concurrent Mark (0.665s)
[2021-08-27T15:38:59.864+0000][gc,marking   ] GC(1) Concurrent Mark From Roots
[2021-08-27T15:38:59.864+0000][gc,task      ] GC(1) Using 3 workers of 3 for marking
[2021-08-27T15:38:59.864+0000][gc,marking   ] GC(1) Concurrent Mark From Roots 0.142ms
[2021-08-27T15:38:59.864+0000][gc,marking   ] GC(1) Concurrent Preclean
[2021-08-27T15:38:59.864+0000][gc,marking   ] GC(1) Concurrent Preclean 0.030ms
[2021-08-27T15:38:59.864+0000][gc,marking   ] GC(1) Concurrent Mark (0.665s, 0.665s) 0.213ms
[2021-08-27T15:38:59.864+0000][gc,start     ] GC(1) Pause Remark
[2021-08-27T15:38:59.865+0000][gc,stringtable] GC(1) Cleaned string and symbol table, strings: 7410 processed, 0 removed, symbols: 63466 processed, 31 removed
[2021-08-27T15:38:59.865+0000][gc            ] GC(1) Pause Remark 7M->7M(1024M) 1.226ms
[2021-08-27T15:38:59.865+0000][gc,cpu        ] GC(1) User=0.01s Sys=0.00s Real=0.00s
[2021-08-27T15:38:59.865+0000][gc,marking    ] GC(1) Concurrent Rebuild Remembered Sets
[2021-08-27T15:38:59.865+0000][gc,marking    ] GC(1) Concurrent Rebuild Remembered Sets 0.053ms
[2021-08-27T15:38:59.866+0000][gc,start      ] GC(1) Pause Cleanup
[2021-08-27T15:38:59.866+0000][gc            ] GC(1) Pause Cleanup 7M->7M(1024M) 0.165ms
[2021-08-27T15:38:59.866+0000][gc,cpu        ] GC(1) User=0.00s Sys=0.00s Real=0.00s
[2021-08-27T15:38:59.866+0000][gc,marking    ] GC(1) Concurrent Cleanup for Next Mark
[2021-08-27T15:38:59.869+0000][gc,marking    ] GC(1) Concurrent Cleanup for Next Mark 3.651ms
[2021-08-27T15:38:59.869+0000][gc            ] GC(1) Concurrent Cycle 7.272ms
[2021-08-27T15:39:00.839+0000][gc,start      ] GC(2) Pause Young (Normal) (G1 Evacuation Pause)
[2021-08-27T15:39:00.839+0000][gc,task       ] GC(2) Using 13 workers of 13 for evacuation
[2021-08-27T15:39:00.845+0000][gc,phases     ] GC(2)   Pre Evacuate Collection Set: 0.0ms
[2021-08-27T15:39:00.845+0000][gc,phases     ] GC(2)   Evacuate Collection Set: 4.6ms
[2021-08-27T15:39:00.845+0000][gc,phases     ] GC(2)   Post Evacuate Collection Set: 0.3ms
[2021-08-27T15:39:00.845+0000][gc,phases     ] GC(2)   Other: 0.2ms
[2021-08-27T15:39:00.845+0000][gc,heap       ] GC(2) Eden regions: 44->0(48)
[2021-08-27T15:39:00.845+0000][gc,heap       ] GC(2) Survivor regions: 7->3(7)
[2021-08-27T15:39:00.845+0000][gc,heap       ] GC(2) Old regions: 0->7
[2021-08-27T15:39:00.845+0000][gc,heap       ] GC(2) Humongous regions: 129->129
[2021-08-27T15:39:00.845+0000][gc,metaspace  ] GC(2) Metaspace: 30708K->30708K(1077248K)
[2021-08-27T15:39:00.845+0000][gc            ] GC(2) Pause Young (Normal) (G1 Evacuation Pause) 179M->137M(1024M) 5.328ms
[2021-08-27T15:39:00.845+0000][gc,cpu        ] GC(2) User=0.04s Sys=0.02s Real=0.01s
[2021-08-27T15:39:01.048+0000][gc,start      ] GC(3) Pause Young (Concurrent Start) (Metadata GC Threshold)
[2021-08-27T15:39:01.048+0000][gc,task       ] GC(3) Using 13 workers of 13 for evacuation
[2021-08-27T15:39:01.050+0000][gc,phases     ] GC(3)   Pre Evacuate Collection Set: 0.1ms
[2021-08-27T15:39:01.050+0000][gc,phases     ] GC(3)   Evacuate Collection Set: 1.6ms
[2021-08-27T15:39:01.050+0000][gc,phases     ] GC(3)   Post Evacuate Collection Set: 0.4ms
[2021-08-27T15:39:01.051+0000][gc,phases     ] GC(3)   Other: 0.2ms
[2021-08-27T15:39:01.051+0000][gc,heap       ] GC(3) Eden regions: 23->0(47)
[2021-08-27T15:39:01.051+0000][gc,heap       ] GC(3) Survivor regions: 3->4(7)
[2021-08-27T15:39:01.051+0000][gc,heap       ] GC(3) Old regions: 7->7
[2021-08-27T15:39:01.051+0000][gc,heap       ] GC(3) Humongous regions: 129->129
[2021-08-27T15:39:01.051+0000][gc,metaspace  ] GC(3) Metaspace: 34692K->34692K(1081344K)
[2021-08-27T15:39:01.051+0000][gc            ] GC(3) Pause Young (Concurrent Start) (Metadata GC Threshold) 160M->139M(1024M) 2.515ms
[2021-08-27T15:39:01.051+0000][gc,cpu        ] GC(3) User=0.02s Sys=0.00s Real=0.01s
[2021-08-27T15:39:01.051+0000][gc            ] GC(4) Concurrent Cycle
[2021-08-27T15:39:01.051+0000][gc,marking    ] GC(4) Concurrent Clear Claimed Marks
[2021-08-27T15:39:01.051+0000][gc,marking    ] GC(4) Concurrent Clear Claimed Marks 0.038ms
[2021-08-27T15:39:01.051+0000][gc,marking    ] GC(4) Concurrent Scan Root Regions
[2021-08-27T15:39:01.052+0000][gc,marking    ] GC(4) Concurrent Scan Root Regions 1.368ms
[2021-08-27T15:39:01.052+0000][gc,marking    ] GC(4) Concurrent Mark (1.853s)
[2021-08-27T15:39:01.052+0000][gc,marking    ] GC(4) Concurrent Mark From Roots
[2021-08-27T15:39:01.052+0000][gc,task       ] GC(4) Using 3 workers of 3 for marking
[2021-08-27T15:39:01.055+0000][gc,marking    ] GC(4) Concurrent Mark From Roots 3.009ms
[2021-08-27T15:39:01.055+0000][gc,marking    ] GC(4) Concurrent Preclean
[2021-08-27T15:39:01.055+0000][gc,marking    ] GC(4) Concurrent Preclean 0.052ms
[2021-08-27T15:39:01.055+0000][gc,marking    ] GC(4) Concurrent Mark (1.853s, 1.856s) 3.146ms
[2021-08-27T15:39:01.055+0000][gc,start      ] GC(4) Pause Remark
[2021-08-27T15:39:01.057+0000][gc,stringtable] GC(4) Cleaned string and symbol table, strings: 11599 processed, 9 removed, symbols: 93601 processed, 29 removed
[2021-08-27T15:39:01.057+0000][gc            ] GC(4) Pause Remark 139M->139M(1024M) 1.475ms
[2021-08-27T15:39:01.057+0000][gc,cpu        ] GC(4) User=0.01s Sys=0.00s Real=0.00s
[2021-08-27T15:39:01.057+0000][gc,marking    ] GC(4) Concurrent Rebuild Remembered Sets
[2021-08-27T15:39:01.059+0000][gc,marking    ] GC(4) Concurrent Rebuild Remembered Sets 1.624ms
[2021-08-27T15:39:01.059+0000][gc,start      ] GC(4) Pause Cleanup
[2021-08-27T15:39:01.059+0000][gc            ] GC(4) Pause Cleanup 139M->139M(1024M) 0.157ms
[2021-08-27T15:39:01.059+0000][gc,cpu        ] GC(4) User=0.00s Sys=0.00s Real=0.00s
[2021-08-27T15:39:01.059+0000][gc,marking    ] GC(4) Concurrent Cleanup for Next Mark
[2021-08-27T15:39:01.063+0000][gc,marking    ] GC(4) Concurrent Cleanup for Next Mark 4.130ms
[2021-08-27T15:39:01.063+0000][gc            ] GC(4) Concurrent Cycle 12.643ms
