[2021-08-27T15:35:21.019+0000][gc,heap] Heap region size: 1M
[2021-08-27T15:35:21.027+0000][gc     ] Using G1
[2021-08-27T15:35:21.027+0000][gc,heap,coops] Heap address: 0x00000007c0000000, size: 1024 MB, Compressed Oops mode: Zero based, Oop shift amount: 3
[2021-08-27T15:35:21.734+0000][gc,start     ] GC(0) Pause Young (Concurrent Start) (Metadata GC Threshold)
[2021-08-27T15:35:21.734+0000][gc,task      ] GC(0) Using 13 workers of 13 for evacuation
[2021-08-27T15:35:21.742+0000][gc,phases    ] GC(0)   Pre Evacuate Collection Set: 0.0ms
[2021-08-27T15:35:21.742+0000][gc,phases    ] GC(0)   Evacuate Collection Set: 6.8ms
[2021-08-27T15:35:21.742+0000][gc,phases    ] GC(0)   Post Evacuate Collection Set: 0.5ms
[2021-08-27T15:35:21.742+0000][gc,phases    ] GC(0)   Other: 0.8ms
[2021-08-27T15:35:21.742+0000][gc,heap      ] GC(0) Eden regions: 42->0(44)
[2021-08-27T15:35:21.742+0000][gc,heap      ] GC(0) Survivor regions: 0->7(7)
[2021-08-27T15:35:21.742+0000][gc,heap      ] GC(0) Old regions: 0->0
[2021-08-27T15:35:21.742+0000][gc,heap      ] GC(0) Humongous regions: 0->0
[2021-08-27T15:35:21.742+0000][gc,metaspace ] GC(0) Metaspace: 20765K->20765K(1069056K)
[2021-08-27T15:35:21.742+0000][gc           ] GC(0) Pause Young (Concurrent Start) (Metadata GC Threshold) 42M->6M(1024M) 8.313ms
[2021-08-27T15:35:21.742+0000][gc,cpu       ] GC(0) User=0.02s Sys=0.00s Real=0.01s
[2021-08-27T15:35:21.742+0000][gc           ] GC(1) Concurrent Cycle
[2021-08-27T15:35:21.742+0000][gc,marking   ] GC(1) Concurrent Clear Claimed Marks
[2021-08-27T15:35:21.742+0000][gc,marking   ] GC(1) Concurrent Clear Claimed Marks 0.070ms
[2021-08-27T15:35:21.742+0000][gc,marking   ] GC(1) Concurrent Scan Root Regions
[2021-08-27T15:35:21.744+0000][gc,marking   ] GC(1) Concurrent Scan Root Regions 1.539ms
[2021-08-27T15:35:21.744+0000][gc,marking   ] GC(1) Concurrent Mark (0.732s)
[2021-08-27T15:35:21.744+0000][gc,marking   ] GC(1) Concurrent Mark From Roots
[2021-08-27T15:35:21.744+0000][gc,task      ] GC(1) Using 3 workers of 3 for marking
[2021-08-27T15:35:21.744+0000][gc,marking   ] GC(1) Concurrent Mark From Roots 0.178ms
[2021-08-27T15:35:21.744+0000][gc,marking   ] GC(1) Concurrent Preclean
[2021-08-27T15:35:21.744+0000][gc,marking   ] GC(1) Concurrent Preclean 0.037ms
[2021-08-27T15:35:21.744+0000][gc,marking   ] GC(1) Concurrent Mark (0.732s, 0.732s) 0.265ms
[2021-08-27T15:35:21.744+0000][gc,start     ] GC(1) Pause Remark
[2021-08-27T15:35:21.745+0000][gc,stringtable] GC(1) Cleaned string and symbol table, strings: 7412 processed, 0 removed, symbols: 63460 processed, 31 removed
[2021-08-27T15:35:21.745+0000][gc            ] GC(1) Pause Remark 7M->7M(1024M) 1.329ms
[2021-08-27T15:35:21.745+0000][gc,cpu        ] GC(1) User=0.01s Sys=0.01s Real=0.00s
[2021-08-27T15:35:21.745+0000][gc,marking    ] GC(1) Concurrent Rebuild Remembered Sets
[2021-08-27T15:35:21.746+0000][gc,marking    ] GC(1) Concurrent Rebuild Remembered Sets 0.066ms
[2021-08-27T15:35:21.746+0000][gc,start      ] GC(1) Pause Cleanup
[2021-08-27T15:35:21.746+0000][gc            ] GC(1) Pause Cleanup 7M->7M(1024M) 0.129ms
[2021-08-27T15:35:21.746+0000][gc,cpu        ] GC(1) User=0.00s Sys=0.00s Real=0.00s
[2021-08-27T15:35:21.746+0000][gc,marking    ] GC(1) Concurrent Cleanup for Next Mark
[2021-08-27T15:35:21.750+0000][gc,marking    ] GC(1) Concurrent Cleanup for Next Mark 4.152ms
[2021-08-27T15:35:21.750+0000][gc            ] GC(1) Concurrent Cycle 8.060ms
[2021-08-27T15:35:22.833+0000][gc,start      ] GC(2) Pause Young (Normal) (G1 Evacuation Pause)
[2021-08-27T15:35:22.833+0000][gc,task       ] GC(2) Using 13 workers of 13 for evacuation
[2021-08-27T15:35:22.839+0000][gc,phases     ] GC(2)   Pre Evacuate Collection Set: 0.0ms
[2021-08-27T15:35:22.839+0000][gc,phases     ] GC(2)   Evacuate Collection Set: 5.7ms
[2021-08-27T15:35:22.839+0000][gc,phases     ] GC(2)   Post Evacuate Collection Set: 0.5ms
[2021-08-27T15:35:22.839+0000][gc,phases     ] GC(2)   Other: 0.2ms
[2021-08-27T15:35:22.839+0000][gc,heap       ] GC(2) Eden regions: 44->0(48)
[2021-08-27T15:35:22.839+0000][gc,heap       ] GC(2) Survivor regions: 7->3(7)
[2021-08-27T15:35:22.839+0000][gc,heap       ] GC(2) Old regions: 0->7
[2021-08-27T15:35:22.839+0000][gc,heap       ] GC(2) Humongous regions: 129->129
[2021-08-27T15:35:22.839+0000][gc,metaspace  ] GC(2) Metaspace: 30692K->30692K(1077248K)
[2021-08-27T15:35:22.839+0000][gc            ] GC(2) Pause Young (Normal) (G1 Evacuation Pause) 179M->138M(1024M) 6.594ms
[2021-08-27T15:35:22.839+0000][gc,cpu        ] GC(2) User=0.04s Sys=0.02s Real=0.00s
[2021-08-27T15:35:23.090+0000][gc,start      ] GC(3) Pause Young (Concurrent Start) (Metadata GC Threshold)
[2021-08-27T15:35:23.090+0000][gc,task       ] GC(3) Using 13 workers of 13 for evacuation
[2021-08-27T15:35:23.092+0000][gc,phases     ] GC(3)   Pre Evacuate Collection Set: 0.1ms
[2021-08-27T15:35:23.092+0000][gc,phases     ] GC(3)   Evacuate Collection Set: 1.9ms
[2021-08-27T15:35:23.092+0000][gc,phases     ] GC(3)   Post Evacuate Collection Set: 0.2ms
[2021-08-27T15:35:23.092+0000][gc,phases     ] GC(3)   Other: 0.2ms
[2021-08-27T15:35:23.092+0000][gc,heap       ] GC(3) Eden regions: 23->0(46)
[2021-08-27T15:35:23.092+0000][gc,heap       ] GC(3) Survivor regions: 3->5(7)
[2021-08-27T15:35:23.092+0000][gc,heap       ] GC(3) Old regions: 7->7
[2021-08-27T15:35:23.092+0000][gc,heap       ] GC(3) Humongous regions: 129->129
[2021-08-27T15:35:23.092+0000][gc,metaspace  ] GC(3) Metaspace: 34779K->34779K(1081344K)
[2021-08-27T15:35:23.092+0000][gc            ] GC(3) Pause Young (Concurrent Start) (Metadata GC Threshold) 160M->139M(1024M) 2.469ms
[2021-08-27T15:35:23.092+0000][gc,cpu        ] GC(3) User=0.03s Sys=0.00s Real=0.00s
[2021-08-27T15:35:23.092+0000][gc            ] GC(4) Concurrent Cycle
[2021-08-27T15:35:23.092+0000][gc,marking    ] GC(4) Concurrent Clear Claimed Marks
[2021-08-27T15:35:23.092+0000][gc,marking    ] GC(4) Concurrent Clear Claimed Marks 0.019ms
[2021-08-27T15:35:23.092+0000][gc,marking    ] GC(4) Concurrent Scan Root Regions
[2021-08-27T15:35:23.093+0000][gc,marking    ] GC(4) Concurrent Scan Root Regions 1.254ms
[2021-08-27T15:35:23.093+0000][gc,marking    ] GC(4) Concurrent Mark (2.082s)
[2021-08-27T15:35:23.093+0000][gc,marking    ] GC(4) Concurrent Mark From Roots
[2021-08-27T15:35:23.094+0000][gc,task       ] GC(4) Using 3 workers of 3 for marking
[2021-08-27T15:35:23.096+0000][gc,marking    ] GC(4) Concurrent Mark From Roots 2.726ms
[2021-08-27T15:35:23.096+0000][gc,marking    ] GC(4) Concurrent Preclean
[2021-08-27T15:35:23.096+0000][gc,marking    ] GC(4) Concurrent Preclean 0.053ms
[2021-08-27T15:35:23.096+0000][gc,marking    ] GC(4) Concurrent Mark (2.082s, 2.085s) 2.826ms
[2021-08-27T15:35:23.098+0000][gc,start      ] GC(4) Pause Remark
[2021-08-27T15:35:23.099+0000][gc,stringtable] GC(4) Cleaned string and symbol table, strings: 11609 processed, 9 removed, symbols: 93973 processed, 30 removed
[2021-08-27T15:35:23.099+0000][gc            ] GC(4) Pause Remark 140M->140M(1024M) 1.318ms
[2021-08-27T15:35:23.099+0000][gc,cpu        ] GC(4) User=0.02s Sys=0.01s Real=0.00s
[2021-08-27T15:35:23.099+0000][gc,marking    ] GC(4) Concurrent Rebuild Remembered Sets
[2021-08-27T15:35:23.101+0000][gc,marking    ] GC(4) Concurrent Rebuild Remembered Sets 1.697ms
[2021-08-27T15:35:23.101+0000][gc,start      ] GC(4) Pause Cleanup
[2021-08-27T15:35:23.101+0000][gc            ] GC(4) Pause Cleanup 140M->140M(1024M) 0.122ms
[2021-08-27T15:35:23.101+0000][gc,cpu        ] GC(4) User=0.00s Sys=0.00s Real=0.00s
[2021-08-27T15:35:23.101+0000][gc,marking    ] GC(4) Concurrent Cleanup for Next Mark
[2021-08-27T15:35:23.105+0000][gc,marking    ] GC(4) Concurrent Cleanup for Next Mark 3.636ms
[2021-08-27T15:35:23.105+0000][gc            ] GC(4) Concurrent Cycle 12.749ms
