[2021-08-27T15:36:48.668+0000][gc,heap] Heap region size: 1M
[2021-08-27T15:36:48.672+0000][gc     ] Using G1
[2021-08-27T15:36:48.672+0000][gc,heap,coops] Heap address: 0x00000007e0000000, size: 512 MB, Compressed Oops mode: Zero based, Oop shift amount: 3
[2021-08-27T15:36:51.639+0000][gc,start     ] GC(0) Pause Young (Normal) (G1 Evacuation Pause)
[2021-08-27T15:36:51.640+0000][gc,task      ] GC(0) Using 12 workers of 13 for evacuation
[2021-08-27T15:36:51.648+0000][gc,phases    ] GC(0)   Pre Evacuate Collection Set: 0.0ms
[2021-08-27T15:36:51.648+0000][gc,phases    ] GC(0)   Evacuate Collection Set: 7.0ms
[2021-08-27T15:36:51.648+0000][gc,phases    ] GC(0)   Post Evacuate Collection Set: 0.5ms
[2021-08-27T15:36:51.648+0000][gc,phases    ] GC(0)   Other: 1.7ms
[2021-08-27T15:36:51.648+0000][gc,heap      ] GC(0) Eden regions: 25->0(21)
[2021-08-27T15:36:51.648+0000][gc,heap      ] GC(0) Survivor regions: 0->4(4)
[2021-08-27T15:36:51.648+0000][gc,heap      ] GC(0) Old regions: 0->2
[2021-08-27T15:36:51.648+0000][gc,heap      ] GC(0) Humongous regions: 0->0
[2021-08-27T15:36:51.648+0000][gc,metaspace ] GC(0) Metaspace: 15109K->15109K(1062912K)
[2021-08-27T15:36:51.648+0000][gc           ] GC(0) Pause Young (Normal) (G1 Evacuation Pause) 25M->5M(512M) 9.377ms
[2021-08-27T15:36:51.648+0000][gc,cpu       ] GC(0) User=0.05s Sys=0.03s Real=0.01s
[2021-08-27T15:37:57.577+0000][gc,heap,exit ] Heap
[2021-08-27T15:37:57.577+0000][gc,heap,exit ]  garbage-first heap   total 524288K, used 12220K [0x00000007e0000000, 0x0000000800000000)
[2021-08-27T15:37:57.577+0000][gc,heap,exit ]   region size 1024K, 11 young (11264K), 4 survivors (4096K)
[2021-08-27T15:37:57.577+0000][gc,heap,exit ]  Metaspace       used 15812K, capacity 16186K, committed 16640K, reserved 1064960K
[2021-08-27T15:37:57.577+0000][gc,heap,exit ]   class space    used 1586K, capacity 1710K, committed 1792K, reserved 1048576K
