[2021-08-27T15:34:11.669+0000][gc,heap] Heap region size: 1M
[2021-08-27T15:34:11.673+0000][gc     ] Using G1
[2021-08-27T15:34:11.673+0000][gc,heap,coops] Heap address: 0x00000007e0000000, size: 512 MB, Compressed Oops mode: Zero based, Oop shift amount: 3
[2021-08-27T15:34:13.377+0000][gc,start     ] GC(0) Pause Young (Normal) (G1 Evacuation Pause)
[2021-08-27T15:34:13.378+0000][gc,task      ] GC(0) Using 12 workers of 13 for evacuation
[2021-08-27T15:34:13.383+0000][gc,phases    ] GC(0)   Pre Evacuate Collection Set: 0.0ms
[2021-08-27T15:34:13.383+0000][gc,phases    ] GC(0)   Evacuate Collection Set: 4.9ms
[2021-08-27T15:34:13.383+0000][gc,phases    ] GC(0)   Post Evacuate Collection Set: 0.3ms
[2021-08-27T15:34:13.384+0000][gc,phases    ] GC(0)   Other: 1.0ms
[2021-08-27T15:34:13.384+0000][gc,heap      ] GC(0) Eden regions: 25->0(21)
[2021-08-27T15:34:13.384+0000][gc,heap      ] GC(0) Survivor regions: 0->4(4)
[2021-08-27T15:34:13.384+0000][gc,heap      ] GC(0) Old regions: 0->2
[2021-08-27T15:34:13.384+0000][gc,heap      ] GC(0) Humongous regions: 0->0
[2021-08-27T15:34:13.384+0000][gc,metaspace ] GC(0) Metaspace: 15183K->15183K(1062912K)
[2021-08-27T15:34:13.384+0000][gc           ] GC(0) Pause Young (Normal) (G1 Evacuation Pause) 25M->5M(512M) 6.407ms
[2021-08-27T15:34:13.384+0000][gc,cpu       ] GC(0) User=0.04s Sys=0.02s Real=0.01s
[2021-08-27T15:34:40.554+0000][gc,heap,exit ] Heap
[2021-08-27T15:34:40.554+0000][gc,heap,exit ]  garbage-first heap   total 524288K, used 10945K [0x00000007e0000000, 0x0000000800000000)
[2021-08-27T15:34:40.554+0000][gc,heap,exit ]   region size 1024K, 10 young (10240K), 4 survivors (4096K)
[2021-08-27T15:34:40.554+0000][gc,heap,exit ]  Metaspace       used 15607K, capacity 15930K, committed 16128K, reserved 1062912K
[2021-08-27T15:34:40.554+0000][gc,heap,exit ]   class space    used 1576K, capacity 1710K, committed 1792K, reserved 1048576K
